// Jest Snapshot v1, https://goo.gl/fbAQLP

exports[`Pruebas en <LoginScreen/> debe mostrarse correctamente 1`] = `ReactWrapper {}`;
