// Jest Snapshot v1, https://goo.gl/fbAQLP

exports[`Pruebas en <AppRouter/> Debe mostrar la ruta privada 1`] = `ReactWrapper {}`;

exports[`Pruebas en <AppRouter/> Debe mostrar la ruta p√∫blica 1`] = `ReactWrapper {}`;
